[2025-07-12 07:48:57] Request started - Data: []
[2025-07-12 07:48:57] Transaction started - Data: {"action":"toggle_student_status","student_id":"16","owner_id":"2","is_first_approval":true,"activate":true}
[2025-07-12 07:48:57] Verifying owner - Data: {"owner_id":"2"}
[2025-07-12 07:48:57] Student data - Data: {"id":16,"name":"Jay Jariwala","subdomain_identifier":"classa","is_active_by_owner":0,"is_approved_by_owner":0,"Progress_status":"demo"}
[2025-07-12 07:48:57] Plan data before update - Data: {"plan_id":2,"owner_id":2,"plan_type":"semester","price_per_student":"0.00","initial_student_count":0,"current_total_students":0,"active_student_count":0,"inactive_approved_student_count":0,"start_date":null,"expiry_date":null,"total_amount":"0.00","payment_done":"0.00","total_due_amount":"0.00","payment_status":"pending_initialization","date_of_last_payment":null,"installment_count":1,"installment_interval_days":null,"next_installment_due_date":null,"next_installment_amount":null,"payment_deadline_for_addition":null,"created_at":"2025-07-11 22:30:49","updated_at":"2025-07-11 22:30:49"}
[2025-07-12 07:48:58] User status update - Data: {"student_id":"16","activate":true,"affected_rows":1,"set_progress_status":"subscribed"}
[2025-07-12 07:48:58] Transaction committed successfully
[2025-07-12 07:48:58] Sending success response - Data: {"status":"success","message":"Student approved and activated successfully","student_id":"16"}
[2025-07-12 07:48:58] Request completed
[2025-07-12 07:49:02] Request started - Data: []
[2025-07-12 07:49:02] Transaction started - Data: {"action":"toggle_student_status","student_id":"15","owner_id":"2","is_first_approval":true,"activate":true}
[2025-07-12 07:49:02] Verifying owner - Data: {"owner_id":"2"}
[2025-07-12 07:49:02] Student data - Data: {"id":15,"name":"Jay Jariwala","subdomain_identifier":"classa","is_active_by_owner":0,"is_approved_by_owner":0,"Progress_status":"demo"}
[2025-07-12 07:49:02] Plan data before update - Data: {"plan_id":2,"owner_id":2,"plan_type":"semester","price_per_student":"0.00","initial_student_count":0,"current_total_students":1,"active_student_count":1,"inactive_approved_student_count":0,"start_date":null,"expiry_date":null,"total_amount":"0.00","payment_done":"0.00","total_due_amount":"0.00","payment_status":"pending_initialization","date_of_last_payment":null,"installment_count":1,"installment_interval_days":null,"next_installment_due_date":null,"next_installment_amount":null,"payment_deadline_for_addition":null,"created_at":"2025-07-11 22:30:49","updated_at":"2025-07-12 11:18:58"}
[2025-07-12 07:49:02] User status update - Data: {"student_id":"15","activate":true,"affected_rows":1,"set_progress_status":"subscribed"}
[2025-07-12 07:49:02] Transaction committed successfully
[2025-07-12 07:49:02] Sending success response - Data: {"status":"success","message":"Student approved and activated successfully","student_id":"15"}
[2025-07-12 07:49:02] Request completed
[2025-07-12 08:13:47] Request started - Data: []
[2025-07-12 08:13:47] Transaction started - Data: {"action":"toggle_student_status","student_id":16,"owner_id":"2","is_first_approval":true,"activate":true}
[2025-07-12 08:13:47] Verifying owner - Data: {"owner_id":"2"}
[2025-07-12 08:13:47] Student data - Data: {"id":16,"name":"Jay Jariwala","subdomain_identifier":"classa","is_active_by_owner":1,"is_approved_by_owner":0,"Progress_status":"subscribed"}
[2025-07-12 08:13:47] Plan data before update - Data: {"plan_id":4,"owner_id":2,"plan_type":"full_year","price_per_student":"1200.00","initial_student_count":2,"current_total_students":2,"active_student_count":2,"inactive_approved_student_count":0,"start_date":null,"expiry_date":null,"total_amount":"2400.00","payment_done":"0.00","total_due_amount":"2400.00","payment_status":"pending_payment","date_of_last_payment":null,"installment_count":1,"installment_interval_days":null,"next_installment_due_date":null,"next_installment_amount":null,"payment_deadline_for_addition":null,"created_at":"2025-07-12 11:43:31","updated_at":"2025-07-12 11:43:34"}
[2025-07-12 08:13:47] User status update - Data: {"student_id":16,"activate":true,"affected_rows":0,"set_progress_status":"subscribed"}
[2025-07-12 08:13:47] Transaction rolled back due to error - Data: {"error":"Failed to update student status"}
[2025-07-12 08:13:47] Request completed
[2025-07-12 08:13:47] Request started - Data: []
[2025-07-12 08:13:47] Transaction started - Data: {"action":"toggle_student_status","student_id":15,"owner_id":"2","is_first_approval":true,"activate":true}
[2025-07-12 08:13:47] Verifying owner - Data: {"owner_id":"2"}
[2025-07-12 08:13:47] Student data - Data: {"id":15,"name":"Jay Jariwala","subdomain_identifier":"classa","is_active_by_owner":1,"is_approved_by_owner":0,"Progress_status":"subscribed"}
[2025-07-12 08:13:47] Plan data before update - Data: {"plan_id":4,"owner_id":2,"plan_type":"full_year","price_per_student":"1200.00","initial_student_count":2,"current_total_students":3,"active_student_count":3,"inactive_approved_student_count":0,"start_date":null,"expiry_date":null,"total_amount":"3600.00","payment_done":"0.00","total_due_amount":"3600.00","payment_status":"pending_payment","date_of_last_payment":null,"installment_count":1,"installment_interval_days":null,"next_installment_due_date":null,"next_installment_amount":null,"payment_deadline_for_addition":null,"created_at":"2025-07-12 11:43:31","updated_at":"2025-07-12 11:43:47"}
[2025-07-12 08:13:48] User status update - Data: {"student_id":15,"activate":true,"affected_rows":0,"set_progress_status":"subscribed"}
[2025-07-12 08:13:48] Transaction rolled back due to error - Data: {"error":"Failed to update student status"}
[2025-07-12 08:13:48] Request completed
[2025-07-12 08:27:54] Request started - Data: []
[2025-07-12 08:27:54] Transaction started - Data: {"action":"toggle_student_status","student_id":"16","owner_id":"2","is_first_approval":true,"activate":true}
[2025-07-12 08:27:54] Verifying owner - Data: {"owner_id":"2"}
[2025-07-12 08:27:54] Student data - Data: {"id":16,"name":"Jay Jariwala","subdomain_identifier":"classa","is_active_by_owner":1,"is_approved_by_owner":0,"Progress_status":"subscribed"}
[2025-07-12 08:27:54] Plan data before update - Data: {"plan_id":5,"owner_id":2,"plan_type":"full_year","price_per_student":"1200.00","initial_student_count":0,"current_total_students":0,"active_student_count":0,"inactive_approved_student_count":0,"start_date":null,"expiry_date":null,"total_amount":"0.00","payment_done":"0.00","total_due_amount":"0.00","payment_status":"pending_initialization","date_of_last_payment":null,"installment_count":1,"installment_interval_days":null,"next_installment_due_date":null,"next_installment_amount":null,"payment_deadline_for_addition":null,"created_at":"2025-07-12 11:56:20","updated_at":"2025-07-12 11:56:20"}
[2025-07-12 08:27:54] User status update - Data: {"student_id":"16","activate":true,"affected_rows":0,"set_progress_status":"subscribed"}
[2025-07-12 08:27:54] Transaction rolled back due to error - Data: {"error":"Failed to update student status"}
[2025-07-12 08:27:54] Request completed
[2025-07-12 08:27:59] Request started - Data: []
[2025-07-12 08:27:59] Transaction started - Data: {"action":"toggle_student_status","student_id":"15","owner_id":"2","is_first_approval":true,"activate":true}
[2025-07-12 08:27:59] Verifying owner - Data: {"owner_id":"2"}
[2025-07-12 08:27:59] Student data - Data: {"id":15,"name":"Jay Jariwala","subdomain_identifier":"classa","is_active_by_owner":1,"is_approved_by_owner":0,"Progress_status":"demo"}
[2025-07-12 08:27:59] Plan data before update - Data: {"plan_id":5,"owner_id":2,"plan_type":"full_year","price_per_student":"1200.00","initial_student_count":0,"current_total_students":1,"active_student_count":1,"inactive_approved_student_count":0,"start_date":null,"expiry_date":null,"total_amount":"1200.00","payment_done":"0.00","total_due_amount":"1200.00","payment_status":"pending_initialization","date_of_last_payment":null,"installment_count":1,"installment_interval_days":null,"next_installment_due_date":null,"next_installment_amount":null,"payment_deadline_for_addition":null,"created_at":"2025-07-12 11:56:20","updated_at":"2025-07-12 11:57:54"}
[2025-07-12 08:28:00] User status update - Data: {"student_id":"15","activate":true,"affected_rows":1,"set_progress_status":"subscribed"}
[2025-07-12 08:28:00] Transaction committed successfully
[2025-07-12 08:28:00] Sending success response - Data: {"status":"success","message":"Student approved and activated successfully","student_id":"15"}
[2025-07-12 08:28:00] Request completed
[2025-07-12 08:30:34] Request started - Data: []
[2025-07-12 08:30:34] Transaction started - Data: {"action":"toggle_student_status","student_id":16,"owner_id":"2","is_first_approval":true,"activate":true}
[2025-07-12 08:30:34] Verifying owner - Data: {"owner_id":"2"}
[2025-07-12 08:30:34] Student data - Data: {"id":16,"name":"Jay Jariwala","subdomain_identifier":"classa","is_active_by_owner":1,"is_approved_by_owner":0,"Progress_status":"demo"}
[2025-07-12 08:30:34] Plan data before update - Data: {"plan_id":6,"owner_id":2,"plan_type":"full_year","price_per_student":"1200.00","initial_student_count":0,"current_total_students":0,"active_student_count":0,"inactive_approved_student_count":0,"start_date":null,"expiry_date":null,"total_amount":"0.00","payment_done":"0.00","total_due_amount":"0.00","payment_status":"pending_initialization","date_of_last_payment":null,"installment_count":3,"installment_interval_days":30,"next_installment_due_date":null,"next_installment_amount":null,"payment_deadline_for_addition":null,"created_at":"2025-07-12 11:59:41","updated_at":"2025-07-12 11:59:41"}
[2025-07-12 08:30:34] Calculating installments - Data: {"total_amount":"0.00","installment_count":3,"payment_done":"0.00"}
[2025-07-12 08:30:34] Installment calculation completed - Data: {"original_installment_size":1,"installments_completed":0,"original_remaining":3,"additional_due":1197,"next_installment_amount":400}
[2025-07-12 08:30:34] User status update - Data: {"student_id":16,"activate":true,"affected_rows":1,"set_progress_status":"subscribed"}
[2025-07-12 08:30:34] Transaction committed successfully
[2025-07-12 08:30:34] Sending success response - Data: {"status":"success","message":"Student approved and activated successfully","student_id":16}
[2025-07-12 08:30:34] Request completed
[2025-07-12 08:30:34] Request started - Data: []
[2025-07-12 08:30:34] Transaction started - Data: {"action":"toggle_student_status","student_id":15,"owner_id":"2","is_first_approval":true,"activate":true}
[2025-07-12 08:30:34] Verifying owner - Data: {"owner_id":"2"}
[2025-07-12 08:30:34] Student data - Data: {"id":15,"name":"Jay Jariwala","subdomain_identifier":"classa","is_active_by_owner":1,"is_approved_by_owner":0,"Progress_status":"demo"}
[2025-07-12 08:30:34] Plan data before update - Data: {"plan_id":6,"owner_id":2,"plan_type":"full_year","price_per_student":"1200.00","initial_student_count":0,"current_total_students":1,"active_student_count":1,"inactive_approved_student_count":0,"start_date":null,"expiry_date":null,"total_amount":"1200.00","payment_done":"0.00","total_due_amount":"1200.00","payment_status":"pending_initialization","date_of_last_payment":null,"installment_count":3,"installment_interval_days":30,"next_installment_due_date":"2025-08-11","next_installment_amount":"400.00","payment_deadline_for_addition":null,"created_at":"2025-07-12 11:59:41","updated_at":"2025-07-12 12:00:34"}
[2025-07-12 08:30:34] Calculating installments - Data: {"total_amount":"1200.00","installment_count":3,"payment_done":"0.00"}
[2025-07-12 08:30:34] Installment calculation completed - Data: {"original_installment_size":400,"installments_completed":0,"original_remaining":3,"additional_due":1200,"next_installment_amount":800}
[2025-07-12 08:30:35] User status update - Data: {"student_id":15,"activate":true,"affected_rows":1,"set_progress_status":"subscribed"}
[2025-07-12 08:30:35] Transaction committed successfully
[2025-07-12 08:30:35] Sending success response - Data: {"status":"success","message":"Student approved and activated successfully","student_id":15}
[2025-07-12 08:30:35] Request completed
[2025-07-12 08:42:29] Request started - Data: []
[2025-07-12 08:42:29] Transaction started - Data: {"action":"toggle_student_status","student_id":"15","owner_id":"2","is_first_approval":true,"activate":true}
[2025-07-12 08:42:29] Verifying owner - Data: {"owner_id":"2"}
[2025-07-12 08:42:29] Student data - Data: {"id":15,"name":"Jay Jariwala","subdomain_identifier":"classa","is_active_by_owner":1,"is_approved_by_owner":0,"Progress_status":"subscribed"}
[2025-07-12 08:42:29] Plan data before update - Data: {"plan_id":8,"owner_id":2,"plan_type":"","price_per_student":"99.00","initial_student_count":0,"current_total_students":0,"active_student_count":0,"inactive_approved_student_count":0,"start_date":"2025-07-12","expiry_date":"2026-07-12","total_amount":"0.00","payment_done":"0.00","total_due_amount":"0.00","payment_status":"active","date_of_last_payment":null,"installment_count":1,"installment_interval_days":null,"next_installment_due_date":null,"next_installment_amount":null,"payment_deadline_for_addition":null,"created_at":"2025-07-12 12:09:49","updated_at":"2025-07-12 12:09:49"}
[2025-07-12 08:42:30] User status update - Data: {"student_id":"15","activate":true,"affected_rows":0,"set_progress_status":"subscribed"}
[2025-07-12 08:42:30] Transaction rolled back due to error - Data: {"error":"Failed to update student status"}
[2025-07-12 08:42:30] Request completed
[2025-07-12 08:44:44] Request started - Data: []
[2025-07-12 08:44:44] Transaction started - Data: {"action":"toggle_student_status","student_id":16,"owner_id":"2","is_first_approval":true,"activate":true}
[2025-07-12 08:44:44] Verifying owner - Data: {"owner_id":"2"}
[2025-07-12 08:44:44] Student data - Data: {"id":16,"name":"Jay Jariwala","subdomain_identifier":"classa","is_active_by_owner":1,"is_approved_by_owner":0,"Progress_status":"subscribed"}
[2025-07-12 08:44:44] Plan data before update - Data: {"plan_id":8,"owner_id":2,"plan_type":"","price_per_student":"99.00","initial_student_count":0,"current_total_students":1,"active_student_count":1,"inactive_approved_student_count":0,"start_date":"2025-07-12","expiry_date":"2026-07-12","total_amount":"99.00","payment_done":"0.00","total_due_amount":"99.00","payment_status":"active","date_of_last_payment":null,"installment_count":1,"installment_interval_days":null,"next_installment_due_date":null,"next_installment_amount":null,"payment_deadline_for_addition":null,"created_at":"2025-07-12 12:09:49","updated_at":"2025-07-12 12:12:30"}
[2025-07-12 08:44:44] User status update - Data: {"student_id":16,"activate":true,"affected_rows":0,"set_progress_status":"subscribed"}
[2025-07-12 08:44:44] Transaction rolled back due to error - Data: {"error":"Failed to update student status"}
[2025-07-12 08:44:44] Request completed
[2025-07-12 09:03:03] Request started - Data: []
[2025-07-12 09:03:03] Transaction started - Data: {"action":"toggle_student_status","student_id":15,"owner_id":"2","is_first_approval":true,"activate":true}
[2025-07-12 09:03:03] Verifying owner - Data: {"owner_id":"2"}
[2025-07-12 09:03:04] Student data - Data: {"id":15,"name":"Jay Jariwala","subdomain_identifier":"classa","is_active_by_owner":0,"is_approved_by_owner":0,"Progress_status":"subscribed"}
[2025-07-12 09:03:04] Plan data before update - Data: {"plan_id":12,"owner_id":2,"plan_type":"full_year","price_per_student":"1200.00","initial_student_count":0,"current_total_students":0,"active_student_count":0,"inactive_approved_student_count":0,"start_date":null,"expiry_date":null,"total_amount":"0.00","payment_done":"0.00","total_due_amount":"0.00","payment_status":"pending_initialization","date_of_last_payment":null,"installment_count":1,"installment_interval_days":null,"next_installment_due_date":null,"next_installment_amount":null,"payment_deadline_for_addition":null,"created_at":"2025-07-12 12:25:16","updated_at":"2025-07-12 12:25:16"}
[2025-07-12 09:03:04] User status update - Data: {"student_id":15,"activate":true,"affected_rows":0,"set_progress_status":"subscribed"}
[2025-07-12 09:03:04] Transaction rolled back due to error - Data: {"error":"Failed to update student status"}
[2025-07-12 09:03:04] Request completed
[2025-07-12 09:03:06] Request started - Data: []
[2025-07-12 09:03:06] Transaction started - Data: {"action":"toggle_student_status","student_id":17,"owner_id":"2","is_first_approval":true,"activate":true}
[2025-07-12 09:03:06] Verifying owner - Data: {"owner_id":"2"}
[2025-07-12 09:03:06] Student data - Data: {"id":17,"name":"Jay Jariwala","subdomain_identifier":"classa","is_active_by_owner":0,"is_approved_by_owner":0,"Progress_status":"demo"}
[2025-07-12 09:03:06] Plan data before update - Data: {"plan_id":12,"owner_id":2,"plan_type":"full_year","price_per_student":"1200.00","initial_student_count":0,"current_total_students":1,"active_student_count":1,"inactive_approved_student_count":0,"start_date":null,"expiry_date":null,"total_amount":"1200.00","payment_done":"0.00","total_due_amount":"1200.00","payment_status":"pending_initialization","date_of_last_payment":null,"installment_count":1,"installment_interval_days":null,"next_installment_due_date":null,"next_installment_amount":null,"payment_deadline_for_addition":null,"created_at":"2025-07-12 12:25:16","updated_at":"2025-07-12 12:33:04"}
[2025-07-12 09:03:07] User status update - Data: {"student_id":17,"activate":true,"affected_rows":1,"set_progress_status":"subscribed"}
[2025-07-12 09:03:07] Transaction committed successfully
[2025-07-12 09:03:07] Sending success response - Data: {"status":"success","message":"Student approved and activated successfully","student_id":17}
[2025-07-12 09:03:07] Request completed
[2025-07-12 09:03:07] Request started - Data: []
[2025-07-12 09:03:07] Transaction started - Data: {"action":"toggle_student_status","student_id":16,"owner_id":"2","is_first_approval":true,"activate":true}
[2025-07-12 09:03:07] Verifying owner - Data: {"owner_id":"2"}
[2025-07-12 09:03:07] Student data - Data: {"id":16,"name":"Jay Jariwala","subdomain_identifier":"classa","is_active_by_owner":0,"is_approved_by_owner":0,"Progress_status":"demo"}
[2025-07-12 09:03:07] Plan data before update - Data: {"plan_id":12,"owner_id":2,"plan_type":"full_year","price_per_student":"1200.00","initial_student_count":0,"current_total_students":2,"active_student_count":2,"inactive_approved_student_count":0,"start_date":null,"expiry_date":null,"total_amount":"2400.00","payment_done":"0.00","total_due_amount":"2400.00","payment_status":"pending_initialization","date_of_last_payment":null,"installment_count":1,"installment_interval_days":null,"next_installment_due_date":null,"next_installment_amount":null,"payment_deadline_for_addition":null,"created_at":"2025-07-12 12:25:16","updated_at":"2025-07-12 12:33:07"}
[2025-07-12 09:03:07] User status update - Data: {"student_id":16,"activate":true,"affected_rows":1,"set_progress_status":"subscribed"}
[2025-07-12 09:03:07] Transaction committed successfully
[2025-07-12 09:03:07] Sending success response - Data: {"status":"success","message":"Student approved and activated successfully","student_id":16}
[2025-07-12 09:03:07] Request completed
[2025-07-12 10:05:22] Request started - Data: []
[2025-07-12 10:05:22] Transaction started - Data: {"action":"toggle_student_status","student_id":17,"owner_id":"2","is_first_approval":true,"activate":true}
[2025-07-12 10:05:22] Verifying owner - Data: {"owner_id":"2"}
[2025-07-12 10:05:23] Student data - Data: {"id":17,"name":"Jay Jariwala","subdomain_identifier":"classa","is_active_by_owner":1,"is_approved_by_owner":0,"Progress_status":"demo"}
[2025-07-12 10:05:23] Plan data before update - Data: {"plan_id":15,"owner_id":2,"plan_type":"","price_per_student":"99.00","initial_student_count":0,"current_total_students":0,"active_student_count":0,"inactive_approved_student_count":0,"start_date":"2025-07-12","expiry_date":"2026-07-12","total_amount":"0.00","payment_done":"0.00","total_due_amount":"0.00","payment_status":"active","date_of_last_payment":null,"installment_count":1,"installment_interval_days":null,"next_installment_due_date":null,"next_installment_amount":null,"payment_deadline_for_addition":null,"created_at":"2025-07-12 12:47:16","updated_at":"2025-07-12 12:47:16"}
[2025-07-12 10:05:23] User status update - Data: {"student_id":17,"activate":true,"affected_rows":1,"set_progress_status":"subscribed"}
[2025-07-12 10:05:23] Transaction committed successfully
[2025-07-12 10:05:23] Sending success response - Data: {"status":"success","message":"Student approved and activated successfully","student_id":17}
[2025-07-12 10:05:23] Request completed
[2025-07-12 10:05:23] Request started - Data: []
[2025-07-12 10:05:23] Transaction started - Data: {"action":"toggle_student_status","student_id":16,"owner_id":"2","is_first_approval":true,"activate":true}
[2025-07-12 10:05:23] Verifying owner - Data: {"owner_id":"2"}
[2025-07-12 10:05:23] Student data - Data: {"id":16,"name":"Jay Jariwala","subdomain_identifier":"classa","is_active_by_owner":1,"is_approved_by_owner":0,"Progress_status":"demo"}
[2025-07-12 10:05:23] Plan data before update - Data: {"plan_id":15,"owner_id":2,"plan_type":"","price_per_student":"99.00","initial_student_count":0,"current_total_students":1,"active_student_count":1,"inactive_approved_student_count":0,"start_date":"2025-07-12","expiry_date":"2026-07-12","total_amount":"99.00","payment_done":"0.00","total_due_amount":"99.00","payment_status":"active","date_of_last_payment":null,"installment_count":1,"installment_interval_days":null,"next_installment_due_date":null,"next_installment_amount":null,"payment_deadline_for_addition":null,"created_at":"2025-07-12 12:47:16","updated_at":"2025-07-12 13:35:23"}
[2025-07-12 10:05:23] User status update - Data: {"student_id":16,"activate":true,"affected_rows":1,"set_progress_status":"subscribed"}
[2025-07-12 10:05:23] Transaction committed successfully
[2025-07-12 10:05:23] Sending success response - Data: {"status":"success","message":"Student approved and activated successfully","student_id":16}
[2025-07-12 10:05:23] Request completed
[2025-07-12 10:05:23] Request started - Data: []
[2025-07-12 10:05:23] Transaction started - Data: {"action":"toggle_student_status","student_id":15,"owner_id":"2","is_first_approval":true,"activate":true}
[2025-07-12 10:05:23] Verifying owner - Data: {"owner_id":"2"}
[2025-07-12 10:05:23] Student data - Data: {"id":15,"name":"Jay Jariwala","subdomain_identifier":"classa","is_active_by_owner":0,"is_approved_by_owner":0,"Progress_status":"expired"}
[2025-07-12 10:05:23] Plan data before update - Data: {"plan_id":15,"owner_id":2,"plan_type":"","price_per_student":"99.00","initial_student_count":0,"current_total_students":2,"active_student_count":2,"inactive_approved_student_count":0,"start_date":"2025-07-12","expiry_date":"2026-07-12","total_amount":"198.00","payment_done":"0.00","total_due_amount":"198.00","payment_status":"active","date_of_last_payment":null,"installment_count":1,"installment_interval_days":null,"next_installment_due_date":null,"next_installment_amount":null,"payment_deadline_for_addition":null,"created_at":"2025-07-12 12:47:16","updated_at":"2025-07-12 13:35:23"}
[2025-07-12 10:05:23] User status update - Data: {"student_id":15,"activate":true,"affected_rows":1,"set_progress_status":"subscribed"}
[2025-07-12 10:05:23] Transaction committed successfully
[2025-07-12 10:05:23] Sending success response - Data: {"status":"success","message":"Student approved and activated successfully","student_id":15}
[2025-07-12 10:05:23] Request completed
[2025-07-12 10:07:40] Request started - Data: []
[2025-07-12 10:07:40] Transaction started - Data: {"action":"toggle_student_status","student_id":17,"owner_id":"2","is_first_approval":true,"activate":true}
[2025-07-12 10:07:40] Verifying owner - Data: {"owner_id":"2"}
[2025-07-12 10:07:40] Student data - Data: {"id":17,"name":"Jay Jariwala","subdomain_identifier":"classa","is_active_by_owner":1,"is_approved_by_owner":0,"Progress_status":"demo"}
[2025-07-12 10:07:40] Plan data before update - Data: {"plan_id":16,"owner_id":2,"plan_type":"full_year","price_per_student":"1200.00","initial_student_count":0,"current_total_students":0,"active_student_count":0,"inactive_approved_student_count":0,"start_date":null,"expiry_date":null,"total_amount":"0.00","payment_done":"0.00","total_due_amount":"0.00","payment_status":"pending_initialization","date_of_last_payment":null,"installment_count":3,"installment_interval_days":30,"next_installment_due_date":null,"next_installment_amount":null,"payment_deadline_for_addition":null,"created_at":"2025-07-12 13:37:28","updated_at":"2025-07-12 13:37:28"}
[2025-07-12 10:07:40] Calculating installments - Data: {"total_amount":"0.00","installment_count":3,"payment_done":"0.00"}
[2025-07-12 10:07:40] Installment calculation completed - Data: {"original_installment_size":1,"installments_completed":0,"original_remaining":3,"additional_due":1197,"next_installment_amount":400}
[2025-07-12 10:07:40] User status update - Data: {"student_id":17,"activate":true,"affected_rows":1,"set_progress_status":"subscribed"}
[2025-07-12 10:07:40] Transaction committed successfully
[2025-07-12 10:07:40] Sending success response - Data: {"status":"success","message":"Student approved and activated successfully","student_id":17}
[2025-07-12 10:07:40] Request completed
[2025-07-12 10:07:40] Request started - Data: []
[2025-07-12 10:07:40] Transaction started - Data: {"action":"toggle_student_status","student_id":16,"owner_id":"2","is_first_approval":true,"activate":true}
[2025-07-12 10:07:40] Verifying owner - Data: {"owner_id":"2"}
[2025-07-12 10:07:40] Student data - Data: {"id":16,"name":"Jay Jariwala","subdomain_identifier":"classa","is_active_by_owner":1,"is_approved_by_owner":0,"Progress_status":"demo"}
[2025-07-12 10:07:40] Plan data before update - Data: {"plan_id":16,"owner_id":2,"plan_type":"full_year","price_per_student":"1200.00","initial_student_count":0,"current_total_students":1,"active_student_count":1,"inactive_approved_student_count":0,"start_date":null,"expiry_date":null,"total_amount":"1200.00","payment_done":"0.00","total_due_amount":"1200.00","payment_status":"pending_initialization","date_of_last_payment":null,"installment_count":3,"installment_interval_days":30,"next_installment_due_date":"2025-08-11","next_installment_amount":"400.00","payment_deadline_for_addition":null,"created_at":"2025-07-12 13:37:28","updated_at":"2025-07-12 13:37:40"}
[2025-07-12 10:07:40] Calculating installments - Data: {"total_amount":"1200.00","installment_count":3,"payment_done":"0.00"}
[2025-07-12 10:07:40] Installment calculation completed - Data: {"original_installment_size":400,"installments_completed":0,"original_remaining":3,"additional_due":1200,"next_installment_amount":800}
[2025-07-12 10:07:40] User status update - Data: {"student_id":16,"activate":true,"affected_rows":1,"set_progress_status":"subscribed"}
[2025-07-12 10:07:40] Transaction committed successfully
[2025-07-12 10:07:40] Sending success response - Data: {"status":"success","message":"Student approved and activated successfully","student_id":16}
[2025-07-12 10:07:40] Request completed
[2025-07-12 10:07:40] Request started - Data: []
[2025-07-12 10:07:40] Transaction started - Data: {"action":"toggle_student_status","student_id":15,"owner_id":"2","is_first_approval":true,"activate":true}
[2025-07-12 10:07:40] Verifying owner - Data: {"owner_id":"2"}
[2025-07-12 10:07:40] Student data - Data: {"id":15,"name":"Jay Jariwala","subdomain_identifier":"classa","is_active_by_owner":1,"is_approved_by_owner":0,"Progress_status":"demo"}
[2025-07-12 10:07:40] Plan data before update - Data: {"plan_id":16,"owner_id":2,"plan_type":"full_year","price_per_student":"1200.00","initial_student_count":0,"current_total_students":2,"active_student_count":2,"inactive_approved_student_count":0,"start_date":null,"expiry_date":null,"total_amount":"2400.00","payment_done":"0.00","total_due_amount":"2400.00","payment_status":"pending_initialization","date_of_last_payment":null,"installment_count":3,"installment_interval_days":30,"next_installment_due_date":"2025-08-11","next_installment_amount":"800.00","payment_deadline_for_addition":null,"created_at":"2025-07-12 13:37:28","updated_at":"2025-07-12 13:37:40"}
[2025-07-12 10:07:41] Calculating installments - Data: {"total_amount":"2400.00","installment_count":3,"payment_done":"0.00"}
[2025-07-12 10:07:41] Installment calculation completed - Data: {"original_installment_size":800,"installments_completed":0,"original_remaining":3,"additional_due":1200,"next_installment_amount":1200}
[2025-07-12 10:07:41] User status update - Data: {"student_id":15,"activate":true,"affected_rows":1,"set_progress_status":"subscribed"}
[2025-07-12 10:07:41] Transaction committed successfully
[2025-07-12 10:07:41] Sending success response - Data: {"status":"success","message":"Student approved and activated successfully","student_id":15}
[2025-07-12 10:07:41] Request completed
