[06-Mar-2025 04:25:25 Europe/Berlin] PHP Fatal error:  Uncaught Error: Call to undefined method mysqli_stmt::fetchColumn() in E:\jay\Xampp\htdocs\Main\api\saved-answers\save_to_database.php:42
Stack trace:
#0 {main}
  thrown in E:\jay\Xampp\htdocs\Main\api\saved-answers\save_to_database.php on line 42
[06-Mar-2025 04:27:01 Europe/Berlin] Session data: Array
(
    [user_id] => 12
)

[06-Mar-2025 04:27:01 Europe/Berlin] PHP Fatal error:  Uncaught mysqli_sql_exception: Unknown column 'unique_id' in 'where clause' in E:\jay\Xampp\htdocs\Main\api\saved-answers\save_to_database.php:53
Stack trace:
#0 E:\jay\Xampp\htdocs\Main\api\saved-answers\save_to_database.php(53): mysqli->prepare('SELECT COUNT(*)...')
#1 {main}
  thrown in E:\jay\Xampp\htdocs\Main\api\saved-answers\save_to_database.php on line 53
[06-Mar-2025 04:27:13 Europe/Berlin] Session data: Array
(
    [user_id] => 12
)

[06-Mar-2025 04:30:33 Europe/Berlin] Session data: Array
(
    [user_id] => 12
)

[06-Mar-2025 04:30:33 Europe/Berlin] PHP Fatal error:  Uncaught Error: Call to undefined method mysqli_stmt::rowCount() in E:\jay\Xampp\htdocs\Main\api\saved-answers\save_to_database.php:54
Stack trace:
#0 {main}
  thrown in E:\jay\Xampp\htdocs\Main\api\saved-answers\save_to_database.php on line 54
[06-Mar-2025 04:31:21 Europe/Berlin] PHP Warning:  Undefined variable $user_id in E:\jay\Xampp\htdocs\Main\api\saved-answers\save_to_database.php on line 38
[06-Mar-2025 04:31:21 Europe/Berlin] PHP Warning:  Undefined variable $conn in E:\jay\Xampp\htdocs\Main\api\saved-answers\save_to_database.php on line 41
[06-Mar-2025 04:31:21 Europe/Berlin] PHP Fatal error:  Uncaught Error: Call to a member function prepare() on null in E:\jay\Xampp\htdocs\Main\api\saved-answers\save_to_database.php:41
Stack trace:
#0 {main}
  thrown in E:\jay\Xampp\htdocs\Main\api\saved-answers\save_to_database.php on line 41
[06-Mar-2025 04:32:51 Europe/Berlin] PHP Warning:  Undefined variable $user_id in E:\jay\Xampp\htdocs\Main\api\saved-answers\save_to_database.php on line 38
[06-Mar-2025 04:32:51 Europe/Berlin] PHP Warning:  Undefined variable $conn in E:\jay\Xampp\htdocs\Main\api\saved-answers\save_to_database.php on line 41
[06-Mar-2025 04:32:51 Europe/Berlin] PHP Fatal error:  Uncaught Error: Call to a member function prepare() on null in E:\jay\Xampp\htdocs\Main\api\saved-answers\save_to_database.php:41
Stack trace:
#0 {main}
  thrown in E:\jay\Xampp\htdocs\Main\api\saved-answers\save_to_database.php on line 41
[06-Mar-2025 04:34:56 Europe/Berlin] Session data: Array
(
    [user_id] => 12
)

[06-Mar-2025 04:34:56 Europe/Berlin] PHP Fatal error:  Uncaught Error: Call to undefined method mysqli_stmt::fetchColumn() in E:\jay\Xampp\htdocs\Main\api\saved-answers\save_to_database.php:51
Stack trace:
#0 {main}
  thrown in E:\jay\Xampp\htdocs\Main\api\saved-answers\save_to_database.php on line 51
[06-Mar-2025 04:35:08 Europe/Berlin] Session data: Array
(
    [user_id] => 12
)

[06-Mar-2025 04:35:08 Europe/Berlin] PHP Fatal error:  Uncaught Error: Call to undefined method mysqli_stmt::fetchColumn() in E:\jay\Xampp\htdocs\Main\api\saved-answers\save_to_database.php:51
Stack trace:
#0 {main}
  thrown in E:\jay\Xampp\htdocs\Main\api\saved-answers\save_to_database.php on line 51
[06-Mar-2025 04:35:22 Europe/Berlin] Session data: Array
(
    [user_id] => 12
)

[06-Mar-2025 04:35:22 Europe/Berlin] PHP Fatal error:  Uncaught mysqli_sql_exception: Duplicate entry '' for key 'unique_id' in E:\jay\Xampp\htdocs\Main\api\saved-answers\save_to_database.php:49
Stack trace:
#0 E:\jay\Xampp\htdocs\Main\api\saved-answers\save_to_database.php(49): mysqli_stmt->execute(Array)
#1 {main}
  thrown in E:\jay\Xampp\htdocs\Main\api\saved-answers\save_to_database.php on line 49
[06-Mar-2025 04:35:33 Europe/Berlin] Session data: Array
(
    [user_id] => 12
)

[06-Mar-2025 04:35:33 Europe/Berlin] PHP Fatal error:  Uncaught mysqli_sql_exception: Duplicate entry '' for key 'unique_id' in E:\jay\Xampp\htdocs\Main\api\saved-answers\save_to_database.php:49
Stack trace:
#0 E:\jay\Xampp\htdocs\Main\api\saved-answers\save_to_database.php(49): mysqli_stmt->execute(Array)
#1 {main}
  thrown in E:\jay\Xampp\htdocs\Main\api\saved-answers\save_to_database.php on line 49
[06-Mar-2025 04:36:44 Europe/Berlin] Session data: Array
(
    [user_id] => 12
)

[06-Mar-2025 05:10:45 Europe/Berlin] Session data: Array
(
    [user_id] => 12
)

[06-Mar-2025 05:13:20 Europe/Berlin] Session data: Array
(
    [user_id] => 12
)

[06-Mar-2025 05:13:27 Europe/Berlin] Session data: Array
(
    [user_id] => 12
)

[06-Mar-2025 05:13:27 Europe/Berlin] PHP Fatal error:  Uncaught mysqli_sql_exception: Duplicate entry '13-Accountancy-Question2-Chapter1-Okay, let&#039;s refine and...' for key 'unique_answer' in E:\jay\Xampp\htdocs\Main\api\saved-answers\save_to_database.php:64
Stack trace:
#0 E:\jay\Xampp\htdocs\Main\api\saved-answers\save_to_database.php(64): mysqli_stmt->execute()
#1 {main}
  thrown in E:\jay\Xampp\htdocs\Main\api\saved-answers\save_to_database.php on line 64
[06-Mar-2025 05:13:35 Europe/Berlin] Session data: Array
(
    [user_id] => 12
)

[06-Mar-2025 05:13:38 Europe/Berlin] Session data: Array
(
    [user_id] => 12
)

[06-Mar-2025 05:13:38 Europe/Berlin] PHP Fatal error:  Uncaught mysqli_sql_exception: Duplicate entry '13-Accountancy-Question2-Chapter1-Okay, here&#039;s the infor...' for key 'unique_answer' in E:\jay\Xampp\htdocs\Main\api\saved-answers\save_to_database.php:64
Stack trace:
#0 E:\jay\Xampp\htdocs\Main\api\saved-answers\save_to_database.php(64): mysqli_stmt->execute()
#1 {main}
  thrown in E:\jay\Xampp\htdocs\Main\api\saved-answers\save_to_database.php on line 64
[06-Mar-2025 05:14:39 Europe/Berlin] Session data: Array
(
    [user_id] => 12
)

[06-Mar-2025 05:14:40 Europe/Berlin] PHP Fatal error:  Uncaught mysqli_sql_exception: Duplicate entry '13-Accountancy-Question2-Chapter1-Okay, here&#039;s the infor...' for key 'unique_answer' in E:\jay\Xampp\htdocs\Main\api\saved-answers\save_to_database.php:64
Stack trace:
#0 E:\jay\Xampp\htdocs\Main\api\saved-answers\save_to_database.php(64): mysqli_stmt->execute()
#1 {main}
  thrown in E:\jay\Xampp\htdocs\Main\api\saved-answers\save_to_database.php on line 64
[06-Mar-2025 05:14:46 Europe/Berlin] Session data: Array
(
    [user_id] => 12
)

[06-Mar-2025 05:15:54 Europe/Berlin] Session data: Array
(
    [user_id] => 12
)

[06-Mar-2025 05:15:54 Europe/Berlin] PHP Fatal error:  Uncaught mysqli_sql_exception: Duplicate entry '13-Accountancy-Question2-Chapter1-Okay, let&#039;s refine and...' for key 'unique_answer' in E:\jay\Xampp\htdocs\Main\api\saved-answers\save_to_database.php:64
Stack trace:
#0 E:\jay\Xampp\htdocs\Main\api\saved-answers\save_to_database.php(64): mysqli_stmt->execute()
#1 {main}
  thrown in E:\jay\Xampp\htdocs\Main\api\saved-answers\save_to_database.php on line 64
[06-Mar-2025 05:16:06 Europe/Berlin] Session data: Array
(
    [user_id] => 12
)

[06-Mar-2025 05:16:06 Europe/Berlin] PHP Fatal error:  Uncaught mysqli_sql_exception: Duplicate entry '13-Accountancy-Question2-Chapter1-Okay, let&#039;s refine and...' for key 'unique_answer' in E:\jay\Xampp\htdocs\Main\api\saved-answers\save_to_database.php:64
Stack trace:
#0 E:\jay\Xampp\htdocs\Main\api\saved-answers\save_to_database.php(64): mysqli_stmt->execute()
#1 {main}
  thrown in E:\jay\Xampp\htdocs\Main\api\saved-answers\save_to_database.php on line 64
[06-Mar-2025 05:16:32 Europe/Berlin] Session data: Array
(
    [user_id] => 12
)

[06-Mar-2025 05:16:37 Europe/Berlin] Session data: Array
(
    [user_id] => 12
)

[06-Mar-2025 05:16:37 Europe/Berlin] PHP Fatal error:  Uncaught mysqli_sql_exception: Duplicate entry '13-Accountancy-Question1-Chapter1-Okay, here&#039;s the infor...' for key 'unique_answer' in E:\jay\Xampp\htdocs\Main\api\saved-answers\save_to_database.php:64
Stack trace:
#0 E:\jay\Xampp\htdocs\Main\api\saved-answers\save_to_database.php(64): mysqli_stmt->execute()
#1 {main}
  thrown in E:\jay\Xampp\htdocs\Main\api\saved-answers\save_to_database.php on line 64
[06-Mar-2025 05:16:42 Europe/Berlin] Session data: Array
(
    [user_id] => 12
)

[06-Mar-2025 05:16:42 Europe/Berlin] PHP Fatal error:  Uncaught mysqli_sql_exception: Duplicate entry '13-Accountancy-Question1-Chapter1-Okay, here&#039;s the infor...' for key 'unique_answer' in E:\jay\Xampp\htdocs\Main\api\saved-answers\save_to_database.php:64
Stack trace:
#0 E:\jay\Xampp\htdocs\Main\api\saved-answers\save_to_database.php(64): mysqli_stmt->execute()
#1 {main}
  thrown in E:\jay\Xampp\htdocs\Main\api\saved-answers\save_to_database.php on line 64
[06-Mar-2025 05:18:16 Europe/Berlin] Session data: Array
(
    [user_id] => 12
)

[06-Mar-2025 05:18:16 Europe/Berlin] PHP Fatal error:  Uncaught mysqli_sql_exception: Duplicate entry '13-Accountancy-Question2-Chapter1-Okay, let&#039;s refine and...' for key 'unique_answer' in E:\jay\Xampp\htdocs\Main\api\saved-answers\save_to_database.php:64
Stack trace:
#0 E:\jay\Xampp\htdocs\Main\api\saved-answers\save_to_database.php(64): mysqli_stmt->execute()
#1 {main}
  thrown in E:\jay\Xampp\htdocs\Main\api\saved-answers\save_to_database.php on line 64
[06-Mar-2025 05:18:27 Europe/Berlin] Session data: Array
(
    [user_id] => 12
)

[06-Mar-2025 05:18:27 Europe/Berlin] PHP Fatal error:  Uncaught mysqli_sql_exception: Duplicate entry '13-Accountancy-Question1-Chapter1-Okay, here&#039;s the infor...' for key 'unique_answer' in E:\jay\Xampp\htdocs\Main\api\saved-answers\save_to_database.php:64
Stack trace:
#0 E:\jay\Xampp\htdocs\Main\api\saved-answers\save_to_database.php(64): mysqli_stmt->execute()
#1 {main}
  thrown in E:\jay\Xampp\htdocs\Main\api\saved-answers\save_to_database.php on line 64
[06-Mar-2025 05:18:34 Europe/Berlin] Session data: Array
(
    [user_id] => 12
)

[06-Mar-2025 05:19:40 Europe/Berlin] Session data: Array
(
    [user_id] => 12
)

[06-Mar-2025 05:19:40 Europe/Berlin] PHP Fatal error:  Uncaught mysqli_sql_exception: Duplicate entry '13-Accountancy-Question2-Chapter1-Okay, let&#039;s refine and...' for key 'unique_answer' in E:\jay\Xampp\htdocs\Main\api\saved-answers\save_to_database.php:64
Stack trace:
#0 E:\jay\Xampp\htdocs\Main\api\saved-answers\save_to_database.php(64): mysqli_stmt->execute()
#1 {main}
  thrown in E:\jay\Xampp\htdocs\Main\api\saved-answers\save_to_database.php on line 64
[06-Mar-2025 05:19:53 Europe/Berlin] Session data: Array
(
    [user_id] => 12
)

[06-Mar-2025 05:19:53 Europe/Berlin] PHP Fatal error:  Uncaught mysqli_sql_exception: Duplicate entry '13-Accountancy-Question2-Chapter1-Okay, let&#039;s refine and...' for key 'unique_answer' in E:\jay\Xampp\htdocs\Main\api\saved-answers\save_to_database.php:64
Stack trace:
#0 E:\jay\Xampp\htdocs\Main\api\saved-answers\save_to_database.php(64): mysqli_stmt->execute()
#1 {main}
  thrown in E:\jay\Xampp\htdocs\Main\api\saved-answers\save_to_database.php on line 64
[06-Mar-2025 05:19:56 Europe/Berlin] Session data: Array
(
    [user_id] => 12
)

[06-Mar-2025 05:19:56 Europe/Berlin] PHP Fatal error:  Uncaught mysqli_sql_exception: Duplicate entry '13-Accountancy-Question2-Chapter1-Okay, let&#039;s refine and...' for key 'unique_answer' in E:\jay\Xampp\htdocs\Main\api\saved-answers\save_to_database.php:64
Stack trace:
#0 E:\jay\Xampp\htdocs\Main\api\saved-answers\save_to_database.php(64): mysqli_stmt->execute()
#1 {main}
  thrown in E:\jay\Xampp\htdocs\Main\api\saved-answers\save_to_database.php on line 64
[06-Mar-2025 05:19:58 Europe/Berlin] Session data: Array
(
    [user_id] => 12
)

[06-Mar-2025 05:19:58 Europe/Berlin] PHP Fatal error:  Uncaught mysqli_sql_exception: Duplicate entry '13-Accountancy-Question2-Chapter1-Okay, let&#039;s refine and...' for key 'unique_answer' in E:\jay\Xampp\htdocs\Main\api\saved-answers\save_to_database.php:64
Stack trace:
#0 E:\jay\Xampp\htdocs\Main\api\saved-answers\save_to_database.php(64): mysqli_stmt->execute()
#1 {main}
  thrown in E:\jay\Xampp\htdocs\Main\api\saved-answers\save_to_database.php on line 64
[06-Mar-2025 05:20:01 Europe/Berlin] Session data: Array
(
    [user_id] => 12
)

[06-Mar-2025 05:20:01 Europe/Berlin] PHP Fatal error:  Uncaught mysqli_sql_exception: Duplicate entry '13-Accountancy-Question2-Chapter1-Okay, let&#039;s refine and...' for key 'unique_answer' in E:\jay\Xampp\htdocs\Main\api\saved-answers\save_to_database.php:64
Stack trace:
#0 E:\jay\Xampp\htdocs\Main\api\saved-answers\save_to_database.php(64): mysqli_stmt->execute()
#1 {main}
  thrown in E:\jay\Xampp\htdocs\Main\api\saved-answers\save_to_database.php on line 64
[06-Mar-2025 05:20:14 Europe/Berlin] Session data: Array
(
    [user_id] => 12
)

[06-Mar-2025 05:21:53 Europe/Berlin] Session data: Array
(
    [user_id] => 12
)

[06-Mar-2025 05:21:53 Europe/Berlin] PHP Fatal error:  Uncaught mysqli_sql_exception: Duplicate entry '13-Accountancy-Question2-Chapter1-Here&#039;s a concise 4-mar...' for key 'unique_answer' in E:\jay\Xampp\htdocs\Main\api\saved-answers\save_to_database.php:67
Stack trace:
#0 E:\jay\Xampp\htdocs\Main\api\saved-answers\save_to_database.php(67): mysqli_stmt->execute()
#1 {main}
  thrown in E:\jay\Xampp\htdocs\Main\api\saved-answers\save_to_database.php on line 67
[06-Mar-2025 05:22:04 Europe/Berlin] Session data: Array
(
    [user_id] => 12
)

[06-Mar-2025 05:22:05 Europe/Berlin] PHP Fatal error:  Uncaught mysqli_sql_exception: Duplicate entry '13-Accountancy-Question2-Chapter1-Okay, let&#039;s refine and...' for key 'unique_answer' in E:\jay\Xampp\htdocs\Main\api\saved-answers\save_to_database.php:67
Stack trace:
#0 E:\jay\Xampp\htdocs\Main\api\saved-answers\save_to_database.php(67): mysqli_stmt->execute()
#1 {main}
  thrown in E:\jay\Xampp\htdocs\Main\api\saved-answers\save_to_database.php on line 67
[06-Mar-2025 05:24:09 Europe/Berlin] Session data: Array
(
)

[06-Mar-2025 05:24:13 Europe/Berlin] Session data: Array
(
)

[06-Mar-2025 05:24:19 Europe/Berlin] Session data: Array
(
)

[06-Mar-2025 05:24:47 Europe/Berlin] Session data: Array
(
)

[06-Mar-2025 05:25:43 Europe/Berlin] Session data: Array
(
)

[06-Mar-2025 05:25:49 Europe/Berlin] Session data: Array
(
)

[06-Mar-2025 05:26:10 Europe/Berlin] Session data: Array
(
)

[06-Mar-2025 05:26:16 Europe/Berlin] Session data: Array
(
)

[06-Mar-2025 05:26:21 Europe/Berlin] Session data: Array
(
)

[06-Mar-2025 05:26:26 Europe/Berlin] Session data: Array
(
)

[06-Mar-2025 05:26:30 Europe/Berlin] Session data: Array
(
)

[06-Mar-2025 05:26:33 Europe/Berlin] Session data: Array
(
)

[06-Mar-2025 05:27:49 Europe/Berlin] Session data: Array
(
)

[06-Mar-2025 05:28:35 Europe/Berlin] Session data: Array
(
)

[06-Mar-2025 05:28:56 Europe/Berlin] Session data: Array
(
)

[06-Mar-2025 05:29:08 Europe/Berlin] Session data: Array
(
)

[06-Mar-2025 05:29:33 Europe/Berlin] Session data: Array
(
)

[06-Mar-2025 05:29:36 Europe/Berlin] Session data: Array
(
)

[06-Mar-2025 05:30:30 Europe/Berlin] Session data: Array
(
)

[06-Mar-2025 05:30:30 Europe/Berlin] save_type value before insert: normal
[06-Mar-2025 05:30:35 Europe/Berlin] Session data: Array
(
)

[06-Mar-2025 05:30:35 Europe/Berlin] save_type value before insert: question_related
[06-Mar-2025 05:30:38 Europe/Berlin] Session data: Array
(
)

[06-Mar-2025 05:30:38 Europe/Berlin] save_type value before insert: normal
[06-Mar-2025 05:31:02 Europe/Berlin] Session data: Array
(
)

[06-Mar-2025 05:31:03 Europe/Berlin] save_type value before insert: question_related
[06-Mar-2025 05:31:06 Europe/Berlin] Session data: Array
(
)

[06-Mar-2025 05:31:06 Europe/Berlin] save_type value before insert: normal
[06-Mar-2025 05:31:33 Europe/Berlin] Session data: Array
(
)

[06-Mar-2025 05:31:33 Europe/Berlin] save_type value before insert: question_related
[06-Mar-2025 05:31:42 Europe/Berlin] Session data: Array
(
)

[06-Mar-2025 05:31:42 Europe/Berlin] save_type value before insert: normal
[06-Mar-2025 05:31:49 Europe/Berlin] Session data: Array
(
)

[06-Mar-2025 05:31:49 Europe/Berlin] save_type value before insert: normal
[06-Mar-2025 05:32:18 Europe/Berlin] Session data: Array
(
)

[06-Mar-2025 05:32:18 Europe/Berlin] save_type value before insert: normal
[06-Mar-2025 09:16:25 Europe/Berlin] Session data: Array
(
)

[06-Mar-2025 09:16:25 Europe/Berlin] save_type value before insert: normal
[06-Mar-2025 09:16:29 Europe/Berlin] Session data: Array
(
)

[06-Mar-2025 09:16:29 Europe/Berlin] save_type value before insert: question_related
[06-Mar-2025 09:17:51 Europe/Berlin] Session data: Array
(
)

[06-Mar-2025 09:17:51 Europe/Berlin] save_type value before insert: question_related
[06-Mar-2025 09:17:56 Europe/Berlin] Session data: Array
(
)

[06-Mar-2025 09:17:56 Europe/Berlin] save_type value before insert: normal
[06-Mar-2025 09:17:58 Europe/Berlin] Session data: Array
(
)

[06-Mar-2025 09:17:58 Europe/Berlin] save_type value before insert: question_related
[06-Mar-2025 09:18:31 Europe/Berlin] Session data: Array
(
)

[06-Mar-2025 09:18:31 Europe/Berlin] save_type value before insert: question_related
[06-Mar-2025 09:18:37 Europe/Berlin] Session data: Array
(
)

[06-Mar-2025 09:18:37 Europe/Berlin] save_type value before insert: question_related
[06-Mar-2025 09:18:39 Europe/Berlin] Session data: Array
(
)

[06-Mar-2025 09:18:39 Europe/Berlin] save_type value before insert: normal
[06-Mar-2025 09:19:57 Europe/Berlin] Session data: Array
(
)

[06-Mar-2025 09:19:57 Europe/Berlin] save_type value before insert: normal
[06-Mar-2025 09:25:35 Europe/Berlin] Session data: Array
(
)

[06-Mar-2025 09:25:35 Europe/Berlin] save_type value before insert: question_related
[06-Mar-2025 09:25:40 Europe/Berlin] Session data: Array
(
)

[06-Mar-2025 09:25:40 Europe/Berlin] save_type value before insert: normal
[06-Mar-2025 09:26:03 Europe/Berlin] Session data: Array
(
)

[06-Mar-2025 09:26:03 Europe/Berlin] save_type value before insert: normal
[06-Mar-2025 09:26:28 Europe/Berlin] Session data: Array
(
)

[06-Mar-2025 09:26:28 Europe/Berlin] save_type value before insert: best_response
[06-Mar-2025 09:29:04 Europe/Berlin] Session data: Array
(
)

[06-Mar-2025 09:29:04 Europe/Berlin] save_type value before insert: normal
[06-Mar-2025 09:29:43 Europe/Berlin] Session data: Array
(
)

[06-Mar-2025 09:29:43 Europe/Berlin] save_type value before insert: normal
[06-Mar-2025 09:31:36 Europe/Berlin] Session data: Array
(
)

[06-Mar-2025 09:31:36 Europe/Berlin] save_type value before insert: Best Response
[06-Mar-2025 09:31:46 Europe/Berlin] Session data: Array
(
)

[06-Mar-2025 09:31:46 Europe/Berlin] save_type value before insert: question_related
[06-Mar-2025 09:31:56 Europe/Berlin] Session data: Array
(
)

[06-Mar-2025 09:31:56 Europe/Berlin] save_type value before insert: Best Response
[06-Mar-2025 09:32:00 Europe/Berlin] Session data: Array
(
)

[06-Mar-2025 09:32:00 Europe/Berlin] save_type value before insert: question_related
[06-Mar-2025 09:42:57 Europe/Berlin] Session data: Array
(
)

[06-Mar-2025 09:42:57 Europe/Berlin] save_type value before insert: Best Response
[06-Mar-2025 09:43:05 Europe/Berlin] Session data: Array
(
)

[06-Mar-2025 09:43:05 Europe/Berlin] save_type value before insert: question_related
[06-Mar-2025 09:44:31 Europe/Berlin] Session data: Array
(
)

[06-Mar-2025 09:44:31 Europe/Berlin] save_type value before insert: Best Response
[06-Mar-2025 09:44:34 Europe/Berlin] Session data: Array
(
)

[06-Mar-2025 09:44:34 Europe/Berlin] save_type value before insert: question_related
[06-Mar-2025 09:44:43 Europe/Berlin] Session data: Array
(
)

[06-Mar-2025 09:44:43 Europe/Berlin] save_type value before insert: question_related
[06-Mar-2025 09:47:01 Europe/Berlin] Session data: Array
(
)

[06-Mar-2025 09:47:01 Europe/Berlin] save_type value before insert: Best Response
[06-Mar-2025 09:47:04 Europe/Berlin] Session data: Array
(
)

[06-Mar-2025 09:47:04 Europe/Berlin] save_type value before insert: question_related
[06-Mar-2025 09:49:54 Europe/Berlin] Session data: Array
(
)

[06-Mar-2025 09:49:54 Europe/Berlin] save_type value before insert: question_related
[06-Mar-2025 09:49:58 Europe/Berlin] Session data: Array
(
)

[06-Mar-2025 09:49:58 Europe/Berlin] save_type value before insert: Best Response
[06-Mar-2025 09:50:00 Europe/Berlin] Session data: Array
(
)

[06-Mar-2025 09:50:00 Europe/Berlin] save_type value before insert: question_related
[06-Mar-2025 09:50:11 Europe/Berlin] Session data: Array
(
)

[06-Mar-2025 09:50:11 Europe/Berlin] save_type value before insert: question_related
[06-Mar-2025 09:50:14 Europe/Berlin] Session data: Array
(
)

[06-Mar-2025 09:50:14 Europe/Berlin] save_type value before insert: Best Response
[06-Mar-2025 09:51:36 Europe/Berlin] Session data: Array
(
)

[06-Mar-2025 09:51:36 Europe/Berlin] save_type value before insert: Best Response
[06-Mar-2025 09:51:39 Europe/Berlin] Session data: Array
(
)

[06-Mar-2025 09:51:39 Europe/Berlin] save_type value before insert: question_related
[06-Mar-2025 09:51:58 Europe/Berlin] Session data: Array
(
)

[06-Mar-2025 09:51:58 Europe/Berlin] save_type value before insert: question_related
[06-Mar-2025 09:52:02 Europe/Berlin] Session data: Array
(
)

[06-Mar-2025 09:52:02 Europe/Berlin] save_type value before insert: Best Response
[06-Mar-2025 09:52:05 Europe/Berlin] Session data: Array
(
)

[06-Mar-2025 09:52:05 Europe/Berlin] save_type value before insert: question_related
[06-Mar-2025 09:52:09 Europe/Berlin] Session data: Array
(
)

[06-Mar-2025 09:52:09 Europe/Berlin] save_type value before insert: Best Response
[06-Mar-2025 09:54:53 Europe/Berlin] Session data: Array
(
)

[06-Mar-2025 09:54:53 Europe/Berlin] save_type value before insert: question_related
[06-Mar-2025 09:55:48 Europe/Berlin] Session data: Array
(
)

[06-Mar-2025 09:55:48 Europe/Berlin] save_type value before insert: question_related
[06-Mar-2025 09:55:52 Europe/Berlin] Session data: Array
(
)

[06-Mar-2025 09:55:52 Europe/Berlin] save_type value before insert: question_related
[06-Mar-2025 09:55:56 Europe/Berlin] Session data: Array
(
)

[06-Mar-2025 09:55:56 Europe/Berlin] save_type value before insert: Best Response
[06-Mar-2025 09:56:01 Europe/Berlin] Session data: Array
(
)

[06-Mar-2025 09:56:01 Europe/Berlin] save_type value before insert: Best Response
[06-Mar-2025 09:57:10 Europe/Berlin] Session data: Array
(
)

[06-Mar-2025 09:57:10 Europe/Berlin] save_type value before insert: question_related
[06-Mar-2025 09:57:19 Europe/Berlin] Session data: Array
(
)

[06-Mar-2025 09:57:19 Europe/Berlin] save_type value before insert: Best Response
[06-Mar-2025 09:57:21 Europe/Berlin] Session data: Array
(
)

[06-Mar-2025 09:57:21 Europe/Berlin] save_type value before insert: question_related
[06-Mar-2025 11:29:34 Europe/Berlin] Session data: Array
(
)

[06-Mar-2025 11:29:34 Europe/Berlin] save_type value before insert: Best Response
[06-Mar-2025 11:39:30 Europe/Berlin] Session data: Array
(
)

[06-Mar-2025 11:39:30 Europe/Berlin] save_type value before insert: Best Response
[06-Mar-2025 11:43:33 Europe/Berlin] Session data: Array
(
)

[06-Mar-2025 11:43:33 Europe/Berlin] save_type value before insert: Best Response
[06-Mar-2025 11:43:47 Europe/Berlin] Session data: Array
(
)

[06-Mar-2025 11:43:47 Europe/Berlin] save_type value before insert: Best Response
[06-Mar-2025 11:43:54 Europe/Berlin] Session data: Array
(
)

[06-Mar-2025 11:43:54 Europe/Berlin] save_type value before insert: Best Response
[06-Mar-2025 11:44:08 Europe/Berlin] Session data: Array
(
)

[06-Mar-2025 11:44:08 Europe/Berlin] save_type value before insert: Best Response
[06-Mar-2025 12:12:47 Europe/Berlin] Session data: Array
(
)

[06-Mar-2025 12:12:47 Europe/Berlin] save_type value before insert: Best Response
[06-Mar-2025 12:29:28 Europe/Berlin] Session data: Array
(
)

[06-Mar-2025 12:29:28 Europe/Berlin] save_type value before insert: Best Response
[06-Mar-2025 12:29:35 Europe/Berlin] Session data: Array
(
)

[06-Mar-2025 12:29:35 Europe/Berlin] save_type value before insert: question_related
[06-Mar-2025 14:22:52 Europe/Berlin] Session data: Array
(
)

[06-Mar-2025 14:22:52 Europe/Berlin] save_type value before insert: Best Response
[06-Mar-2025 14:44:28 Europe/Berlin] Session data: Array
(
)

[06-Mar-2025 14:44:28 Europe/Berlin] save_type value before insert: Best Response
[07-Mar-2025 04:51:40 Europe/Berlin] Session data: Array
(
)

[07-Mar-2025 04:51:40 Europe/Berlin] save_type value before insert: Best Response
[07-Mar-2025 04:52:00 Europe/Berlin] Session data: Array
(
)

[07-Mar-2025 04:52:04 Europe/Berlin] Database error: No connection could be made because the target machine actively refused it
[07-Mar-2025 04:52:04 Europe/Berlin] Session data: Array
(
)

[07-Mar-2025 04:52:08 Europe/Berlin] Database error: No connection could be made because the target machine actively refused it
[07-Mar-2025 04:52:08 Europe/Berlin] Session data: Array
(
)

[07-Mar-2025 04:52:12 Europe/Berlin] Database error: No connection could be made because the target machine actively refused it
[07-Mar-2025 04:54:04 Europe/Berlin] Session data: Array
(
)

[07-Mar-2025 04:54:04 Europe/Berlin] save_type value before insert: Best Response
[07-Mar-2025 04:54:08 Europe/Berlin] Session data: Array
(
)

[07-Mar-2025 04:54:08 Europe/Berlin] save_type value before insert: Best Response
[07-Mar-2025 04:54:14 Europe/Berlin] Session data: Array
(
)

[07-Mar-2025 04:54:14 Europe/Berlin] save_type value before insert: question_related
[07-Mar-2025 04:54:28 Europe/Berlin] Session data: Array
(
)

[07-Mar-2025 04:54:28 Europe/Berlin] save_type value before insert: question_related
[07-Mar-2025 04:54:30 Europe/Berlin] Session data: Array
(
)

[07-Mar-2025 04:54:30 Europe/Berlin] save_type value before insert: Best Response
[07-Mar-2025 04:56:40 Europe/Berlin] Session data: Array
(
)

[07-Mar-2025 04:56:40 Europe/Berlin] save_type value before insert: Best Response
[07-Mar-2025 04:56:44 Europe/Berlin] Session data: Array
(
)

[07-Mar-2025 04:56:44 Europe/Berlin] save_type value before insert: question_related
[07-Mar-2025 04:57:54 Europe/Berlin] Session data: Array
(
)

[07-Mar-2025 04:57:54 Europe/Berlin] save_type value before insert: question_related
[07-Mar-2025 05:01:16 Europe/Berlin] Session data: Array
(
)

[07-Mar-2025 05:01:16 Europe/Berlin] save_type value before insert: Best Response
[07-Mar-2025 05:01:27 Europe/Berlin] Session data: Array
(
)

[07-Mar-2025 05:01:27 Europe/Berlin] save_type value before insert: question_related
[07-Mar-2025 05:01:31 Europe/Berlin] Session data: Array
(
)

[07-Mar-2025 05:01:31 Europe/Berlin] save_type value before insert: question_related
[07-Mar-2025 05:01:35 Europe/Berlin] Session data: Array
(
)

[07-Mar-2025 05:01:35 Europe/Berlin] save_type value before insert: Best Response
[07-Mar-2025 05:13:50 Europe/Berlin] Session data: Array
(
)

[07-Mar-2025 05:13:50 Europe/Berlin] save_type value before insert: Best Response
